// Jest Snapshot v1, https://goo.gl/fbAQLP

exports[`Footer should render correctly 1`] = `
<div
  className="footer-container"
>
  <div
    className="footer-container-inner"
  >
    <div
      className="footer-item"
    >
      <a
        href="https://www.linkedin.com/in/brocklanoza"
      >
        <img
          alt="LinkedIn"
          src="linkedin.svg"
        />
      </a>
    </div>
    <div
      className="footer-item"
    >
      <a
        href="https://github.com/brockinit"
      >
        <img
          alt="Github"
          src="github.svg"
        />
      </a>
    </div>
  </div>
</div>
`;
